------------------------------------------------------------
TimeQuest Timing Analyzer Summary
------------------------------------------------------------

Type  : Slow 1200mV 85C Model Setup 'park_space:A0|current_state.IDLE'
Slack : -4.393
TNS   : -19.177

Type  : Slow 1200mV 85C Model Setup 'pass_chk:A1|current_state.S3'
Slack : -4.360
TNS   : -5.805

Type  : Slow 1200mV 85C Model Setup 'park_space:A0|Wt_led'
Slack : -4.166
TNS   : -13.270

Type  : Slow 1200mV 85C Model Setup 'pass_chk:A1|current_state.S1'
Slack : -3.906
TNS   : -26.465

Type  : Slow 1200mV 85C Model Setup 'pass_chk:A1|current_state.IDLE'
Slack : -3.758
TNS   : -3.758

Type  : Slow 1200mV 85C Model Setup 'park_space:A0|current_state.No_space'
Slack : -3.701
TNS   : -16.307

Type  : Slow 1200mV 85C Model Setup 'clk'
Slack : -3.198
TNS   : -15.191

Type  : Slow 1200mV 85C Model Setup 'park_space:A0|current_state.S_checker'
Slack : -2.824
TNS   : -3.151

Type  : Slow 1200mV 85C Model Hold 'park_space:A0|current_state.S_checker'
Slack : -0.036
TNS   : -0.036

Type  : Slow 1200mV 85C Model Hold 'park_space:A0|current_state.No_space'
Slack : 0.238
TNS   : 0.000

Type  : Slow 1200mV 85C Model Hold 'clk'
Slack : 0.428
TNS   : 0.000

Type  : Slow 1200mV 85C Model Hold 'pass_chk:A1|current_state.IDLE'
Slack : 0.511
TNS   : 0.000

Type  : Slow 1200mV 85C Model Hold 'pass_chk:A1|current_state.S1'
Slack : 0.662
TNS   : 0.000

Type  : Slow 1200mV 85C Model Hold 'park_space:A0|Wt_led'
Slack : 0.771
TNS   : 0.000

Type  : Slow 1200mV 85C Model Hold 'pass_chk:A1|current_state.S3'
Slack : 0.860
TNS   : 0.000

Type  : Slow 1200mV 85C Model Hold 'park_space:A0|current_state.IDLE'
Slack : 1.151
TNS   : 0.000

Type  : Slow 1200mV 85C Model Recovery 'park_space:A0|Wt_led'
Slack : -0.967
TNS   : -0.967

Type  : Slow 1200mV 85C Model Removal 'park_space:A0|Wt_led'
Slack : 0.524
TNS   : 0.000

Type  : Slow 1200mV 85C Model Minimum Pulse Width 'clk'
Slack : -3.000
TNS   : -15.850

Type  : Slow 1200mV 85C Model Minimum Pulse Width 'pass_chk:A1|current_state.S1'
Slack : 0.370
TNS   : 0.000

Type  : Slow 1200mV 85C Model Minimum Pulse Width 'park_space:A0|current_state.IDLE'
Slack : 0.403
TNS   : 0.000

Type  : Slow 1200mV 85C Model Minimum Pulse Width 'park_space:A0|current_state.S_checker'
Slack : 0.417
TNS   : 0.000

Type  : Slow 1200mV 85C Model Minimum Pulse Width 'pass_chk:A1|current_state.S3'
Slack : 0.420
TNS   : 0.000

Type  : Slow 1200mV 85C Model Minimum Pulse Width 'park_space:A0|current_state.No_space'
Slack : 0.450
TNS   : 0.000

Type  : Slow 1200mV 85C Model Minimum Pulse Width 'park_space:A0|Wt_led'
Slack : 0.451
TNS   : 0.000

Type  : Slow 1200mV 85C Model Minimum Pulse Width 'pass_chk:A1|current_state.IDLE'
Slack : 0.475
TNS   : 0.000

Type  : Slow 1200mV 0C Model Setup 'pass_chk:A1|current_state.S3'
Slack : -4.061
TNS   : -5.290

Type  : Slow 1200mV 0C Model Setup 'park_space:A0|current_state.IDLE'
Slack : -4.033
TNS   : -17.488

Type  : Slow 1200mV 0C Model Setup 'park_space:A0|Wt_led'
Slack : -3.886
TNS   : -12.583

Type  : Slow 1200mV 0C Model Setup 'pass_chk:A1|current_state.S1'
Slack : -3.593
TNS   : -23.978

Type  : Slow 1200mV 0C Model Setup 'pass_chk:A1|current_state.IDLE'
Slack : -3.448
TNS   : -3.448

Type  : Slow 1200mV 0C Model Setup 'park_space:A0|current_state.No_space'
Slack : -3.361
TNS   : -14.490

Type  : Slow 1200mV 0C Model Setup 'clk'
Slack : -2.913
TNS   : -12.952

Type  : Slow 1200mV 0C Model Setup 'park_space:A0|current_state.S_checker'
Slack : -2.473
TNS   : -2.722

Type  : Slow 1200mV 0C Model Hold 'park_space:A0|current_state.S_checker'
Slack : -0.042
TNS   : -0.042

Type  : Slow 1200mV 0C Model Hold 'park_space:A0|current_state.No_space'
Slack : 0.129
TNS   : 0.000

Type  : Slow 1200mV 0C Model Hold 'clk'
Slack : 0.381
TNS   : 0.000

Type  : Slow 1200mV 0C Model Hold 'pass_chk:A1|current_state.IDLE'
Slack : 0.416
TNS   : 0.000

Type  : Slow 1200mV 0C Model Hold 'pass_chk:A1|current_state.S1'
Slack : 0.634
TNS   : 0.000

Type  : Slow 1200mV 0C Model Hold 'park_space:A0|Wt_led'
Slack : 0.756
TNS   : 0.000

Type  : Slow 1200mV 0C Model Hold 'pass_chk:A1|current_state.S3'
Slack : 0.830
TNS   : 0.000

Type  : Slow 1200mV 0C Model Hold 'park_space:A0|current_state.IDLE'
Slack : 1.043
TNS   : 0.000

Type  : Slow 1200mV 0C Model Recovery 'park_space:A0|Wt_led'
Slack : -0.906
TNS   : -0.906

Type  : Slow 1200mV 0C Model Removal 'park_space:A0|Wt_led'
Slack : 0.479
TNS   : 0.000

Type  : Slow 1200mV 0C Model Minimum Pulse Width 'clk'
Slack : -3.000
TNS   : -15.850

Type  : Slow 1200mV 0C Model Minimum Pulse Width 'park_space:A0|current_state.No_space'
Slack : 0.341
TNS   : 0.000

Type  : Slow 1200mV 0C Model Minimum Pulse Width 'pass_chk:A1|current_state.S1'
Slack : 0.342
TNS   : 0.000

Type  : Slow 1200mV 0C Model Minimum Pulse Width 'park_space:A0|current_state.IDLE'
Slack : 0.372
TNS   : 0.000

Type  : Slow 1200mV 0C Model Minimum Pulse Width 'park_space:A0|Wt_led'
Slack : 0.397
TNS   : 0.000

Type  : Slow 1200mV 0C Model Minimum Pulse Width 'park_space:A0|current_state.S_checker'
Slack : 0.429
TNS   : 0.000

Type  : Slow 1200mV 0C Model Minimum Pulse Width 'pass_chk:A1|current_state.S3'
Slack : 0.429
TNS   : 0.000

Type  : Slow 1200mV 0C Model Minimum Pulse Width 'pass_chk:A1|current_state.IDLE'
Slack : 0.469
TNS   : 0.000

Type  : Fast 1200mV 0C Model Setup 'park_space:A0|current_state.IDLE'
Slack : -1.894
TNS   : -8.102

Type  : Fast 1200mV 0C Model Setup 'pass_chk:A1|current_state.S3'
Slack : -1.848
TNS   : -2.133

Type  : Fast 1200mV 0C Model Setup 'park_space:A0|Wt_led'
Slack : -1.782
TNS   : -5.005

Type  : Fast 1200mV 0C Model Setup 'pass_chk:A1|current_state.IDLE'
Slack : -1.629
TNS   : -1.629

Type  : Fast 1200mV 0C Model Setup 'park_space:A0|current_state.No_space'
Slack : -1.610
TNS   : -6.682

Type  : Fast 1200mV 0C Model Setup 'pass_chk:A1|current_state.S1'
Slack : -1.405
TNS   : -9.004

Type  : Fast 1200mV 0C Model Setup 'clk'
Slack : -1.285
TNS   : -5.597

Type  : Fast 1200mV 0C Model Setup 'park_space:A0|current_state.S_checker'
Slack : -1.053
TNS   : -1.053

Type  : Fast 1200mV 0C Model Hold 'park_space:A0|current_state.S_checker'
Slack : -0.024
TNS   : -0.024

Type  : Fast 1200mV 0C Model Hold 'clk'
Slack : 0.200
TNS   : 0.000

Type  : Fast 1200mV 0C Model Hold 'pass_chk:A1|current_state.S1'
Slack : 0.219
TNS   : 0.000

Type  : Fast 1200mV 0C Model Hold 'park_space:A0|current_state.No_space'
Slack : 0.263
TNS   : 0.000

Type  : Fast 1200mV 0C Model Hold 'pass_chk:A1|current_state.IDLE'
Slack : 0.320
TNS   : 0.000

Type  : Fast 1200mV 0C Model Hold 'park_space:A0|Wt_led'
Slack : 0.322
TNS   : 0.000

Type  : Fast 1200mV 0C Model Hold 'pass_chk:A1|current_state.S3'
Slack : 0.346
TNS   : 0.000

Type  : Fast 1200mV 0C Model Hold 'park_space:A0|current_state.IDLE'
Slack : 0.526
TNS   : 0.000

Type  : Fast 1200mV 0C Model Recovery 'park_space:A0|Wt_led'
Slack : -0.161
TNS   : -0.161

Type  : Fast 1200mV 0C Model Removal 'park_space:A0|Wt_led'
Slack : 0.295
TNS   : 0.000

Type  : Fast 1200mV 0C Model Minimum Pulse Width 'clk'
Slack : -3.000
TNS   : -13.450

Type  : Fast 1200mV 0C Model Minimum Pulse Width 'park_space:A0|current_state.No_space'
Slack : 0.297
TNS   : 0.000

Type  : Fast 1200mV 0C Model Minimum Pulse Width 'pass_chk:A1|current_state.S1'
Slack : 0.389
TNS   : 0.000

Type  : Fast 1200mV 0C Model Minimum Pulse Width 'park_space:A0|Wt_led'
Slack : 0.399
TNS   : 0.000

Type  : Fast 1200mV 0C Model Minimum Pulse Width 'pass_chk:A1|current_state.S3'
Slack : 0.421
TNS   : 0.000

Type  : Fast 1200mV 0C Model Minimum Pulse Width 'pass_chk:A1|current_state.IDLE'
Slack : 0.451
TNS   : 0.000

Type  : Fast 1200mV 0C Model Minimum Pulse Width 'park_space:A0|current_state.IDLE'
Slack : 0.457
TNS   : 0.000

Type  : Fast 1200mV 0C Model Minimum Pulse Width 'park_space:A0|current_state.S_checker'
Slack : 0.457
TNS   : 0.000

------------------------------------------------------------
